2000 Polska 340 znaczek 20021
2000 Szwecja 45.80 bywebycebwywec deewgrr d deuw weunfe 2121 dwdw
2000 Wielka Brytania 999,21 ueubewubeuewbubebb uvevew 13 43827823
