1910 Arabia Saudyjska 1000 znaczek
1910 Francja 1000 znaczek
1910 Grecja 1000 znaczek
1910 Korea Polnocna 1000 znaczek
1910 Kraina Latajacego Potwora Spaghetti 1000 znaczek
1910 Niemcy 1000 znaczek
1910 Nigeria 1000 znaczek
1910 Polska 1000 znaczek
1910 Rosja 1000 znaczek
1910 USA 1000 znaczek
