1910 Poczta Polska 211 znaczek
1910 Poczta Polska 217,15 znaczek
1910 Poczta Polska 400 znaczek
1910 Poczta Polska 999 znaczek
1910 Poczta Polska 1000 znaczek
1910 Poczta Polska 1999.99 znaczek
1910 Poczta Polska 2199.23 znaczek
1910 Poczta Polska 3000 znaczek
1910 Poczta Polska 3500 znaczek
1910 Poczta Polska 4815 znaczek
