1980 Czarnogóra 2000 znaczek1
1980 Szkocja 218 znaczek2
1980 Szwecja 3601 znaczek4
1981 Holandia 4999.99 znaczek3
1981 Walia 17500 znaczek5
