1915 Finlandia 340 jakis-tam-znaczek
1915 Nikaragua 3200.84 intrygujacy zna321czek 1717 1771 20
1918 Boliwia 200 super znaczek 3000
1918 Chiny 13,88 maly znaczek 4-8-15-16-23-42
1918 Grecja 1999,99 smutny znaczek :(
1918 Rosja 200 przecietny znaczek
1920 Francja 50 dwuznaczek 69
1920 Polska 2199 fajny znaczek
1921 Argentyna 90210 niefajny znaczek
1921 RPA 70 duzy znaczek 08.23
