1900 Poczta Polska 1000 znaczek1
1900 Poczta Polska 1000 znaczek10
1900 Poczta Polska 1000 znaczek11
1900 Poczta Polska 1000 znaczek12
1900 Poczta Polska 1000 znaczek13
1900 Poczta Polska 1000 znaczek14
1900 Poczta Polska 1000 znaczek15
1900 Poczta Polska 1000 znaczek16
1900 Poczta Polska 1000 znaczek17
1900 Poczta Polska 1000 znaczek18
1900 Poczta Polska 1000 znaczek19
1900 Poczta Polska 1000 znaczek2
1900 Poczta Polska 1000 znaczek20
1900 Poczta Polska 1000 znaczek3
1900 Poczta Polska 1000 znaczek4
1900 Poczta Polska 1000 znaczek5
1900 Poczta Polska 1000 znaczek6
1900 Poczta Polska 1000 znaczek7
1900 Poczta Polska 1000 znaczek8
1900 Poczta Polska 1000 znaczek9
