1847 Mauritius 1072260 One Penny
1847 Mauritius 1148850 Two Pence
1855 SVERIGE 2300000 Three-Skilling Yellow
1856 British Guiana 935000 One Cent Black on Magenta ONE CENT
1867 U.S.POSTAGE 930000 Franklin Z-Grill ONE CENT
1918 U.S.POSTAGE 977500 Inverted Jenny 24 CENTS
