1901 Poczta Polska 1000 znaczek
1902 Poczta Polska 1000 znaczek
1903 Poczta Polska 1000 znaczek
1904 Poczta Polska 1000 znaczek
1905 Poczta Polska 1000 znaczek
1906 Poczta Polska 1000 znaczek
1907 Poczta Polska 1000 znaczek
1908 Poczta Polska 1000 znaczek
1909 Poczta Polska 1000 znaczek
1910 Poczta Polska 1000 znaczek
