2000 Hiszpania 4 znaczek4
2000 Polska 1 znaczek1
2005 Grecja 2 znaczek2
2010 Turcja 3 znaczek3
2010 Wlochy 5 znaczek5
