1855 SVERIGE 2300000 Three-Skilling Yellow
1856 British Guiana 935000 One Cent Black on Magenta ONE CENT
1847 Mauritius 1072260 One Penny
1847 Mauritius 1148850 Two Pence
1971 Poczta Polska 0,50 Buk
1971 Poczta Polska 1 Dynia
1971 Poczta Polska 1 Pomidor
1971 Poczta Polska 1,50 Brzoza
