1990 Argentyna 346 znaczek8
1990 Holandia 1285 znaczek3
1990 Polska 200 znaczek10
1990 Wielka Brytania 2500 znaczek6
1995 Chile 214 znaczek2
1995 Grecja 100 znaczek9
1995 Japonia 13560 znaczek4
1995 Chile 214 znaczek2
1995 Grecja 100 znaczek9
1995 Japonia 13560 znaczek4
2000 Chiny 100000 znaczek5
2000 Izrael 43500 znaczek1
2000 Maroko 850 znaczek7
1990 Argentyna 346 znaczek8
1990 Holandia 1285 znaczek3
1990 Polska 200 znaczek10
1990 Wielka Brytania 2500 znaczek6
1995 Chile 214 znaczek2
1995 Grecja 100 znaczek9
1995 Japonia 13560 znaczek4
2000 Chiny 100000 znaczek5
2000 Izrael 43500 znaczek1
2000 Maroko 850 znaczek7
1990 Argentyna 346 znaczek8
1990 Holandia 1285 znaczek3
1990 Polska 200 znaczek10
1990 Wielka Brytania 2500 znaczek6
