1990 Polska 23.7832 znaczek
1990 Polska 78.21 znaczek
1990 Polska 90.908032 znaczek
1990 Polska 343.4832 znaczek
1990 Polska 849.902 znaczek
1990 Polska 3212,67247300 znaczek
1990 Polska 7438.8429 znaczek
1990 Polska 43342.4633400 znaczek
1990 Polska 43729.32 znaczek
1990 Polska 4736243.4324230 znaczek
